nohup: ignoring input
[static-hmc +     0.00s] configure runtime and build likelihood context
[static-hmc +     4.87s] context ready: vars=66, exo=7, observations=(7, 40), parameters=('calfa', 'cg', 'cgy', 'cindw', 'crdy', 'crhob', 'crhoqs', 'crpi', 'crr', 'cry', 'csigl', 'z_ea', 'z_eg', 'z_em', 'z_ew'), chains=1
[static-hmc +     5.30s] START cold static-HMC run for step_size=1
[static-hmc +   161.90s] END cold static-HMC run for step_size=1 in 156.597s
{
  "acceptance": {
    "accept_prob": {
      "max": 1.0,
      "mean": 0.9253109463326074,
      "median": 0.9670089861010938,
      "min": 0.5663495895582383
    },
    "accepted_share": 0.96875,
    "num_steps": {
      "max": 8.0,
      "mean": 8.0,
      "median": 8.0,
      "min": 8.0
    },
    "warmup_accept_prob": {
      "max": 1.0,
      "mean": 0.7283706773028185,
      "median": 0.7745513576251816,
      "min": 0.3380753028363216
    }
  },
  "draws_per_second": 0.20434654029298902,
  "final_log_prob_mean": -336.3713734760747,
  "final_step_size": 0.9501547333395507,
  "mean_ess": 56.521210812990994,
  "min_ess": 15.81192750052096,
  "post_warmup_draws": 32,
  "posterior_diagnostics": {
    "max_r_hat": 1.1423684846101896,
    "mean_ess": 56.521210812990994,
    "min_ess": 15.81192750052096,
    "parameters": {
      "calfa": {
        "mean": 0.23991283109819111,
        "n_eff": 15.81192750052096,
        "r_hat": 0.9892446493022587,
        "shape": [
          1,
          32
        ],
        "std": 0.0002739395016328071
      },
      "cg": {
        "mean": 0.1799954839070964,
        "n_eff": 36.43370949525973,
        "r_hat": 0.972183048656677,
        "shape": [
          1,
          32
        ],
        "std": 0.00028587662773172317
      },
      "cgy": {
        "mean": 0.5099858626934755,
        "n_eff": 65.19894174118691,
        "r_hat": 0.9945783156490255,
        "shape": [
          1,
          32
        ],
        "std": 0.0008273663078179275
      },
      "cindw": {
        "mean": 0.32439447250686215,
        "n_eff": 33.08347532917654,
        "r_hat": 0.9682768490983598,
        "shape": [
          1,
          32
        ],
        "std": 0.0004354261032404807
      },
      "crdy": {
        "mean": 0.2346405659879549,
        "n_eff": 17.86936921456227,
        "r_hat": 0.9688476447065697,
        "shape": [
          1,
          32
        ],
        "std": 0.0002931568008077104
      },
      "crhob": {
        "mean": 0.580010576181641,
        "n_eff": 31.584275395910936,
        "r_hat": 1.0588091685380323,
        "shape": [
          1,
          32
        ],
        "std": 0.0008146784911035758
      },
      "crhoqs": {
        "mean": 0.716565998331567,
        "n_eff": 16.617220200616345,
        "r_hat": 1.0404137115969754,
        "shape": [
          1,
          32
        ],
        "std": 0.001098861024735432
      },
      "crpi": {
        "mean": 1.4885252814218721,
        "n_eff": 26.19237084513009,
        "r_hat": 1.0013886746647445,
        "shape": [
          1,
          32
        ],
        "std": 0.002015415127302894
      },
      "crr": {
        "mean": 0.8767451049597995,
        "n_eff": 27.357810399402315,
        "r_hat": 0.9751192304748556,
        "shape": [
          1,
          32
        ],
        "std": 0.0010681441615573886
      },
      "cry": {
        "mean": 0.05930733250559517,
        "n_eff": 37.96745628278196,
        "r_hat": 0.9682757231009738,
        "shape": [
          1,
          32
        ],
        "std": 9.053927653863202e-05
      },
      "csigl": {
        "mean": 1.9419089939677252,
        "n_eff": 75.68719257686548,
        "r_hat": 0.9686189934348993,
        "shape": [
          1,
          32
        ],
        "std": 0.0033161773485187234
      },
      "z_ea": {
        "mean": 0.46191646475731685,
        "n_eff": 17.295641912995794,
        "r_hat": 1.1423684846101896,
        "shape": [
          1,
          32
        ],
        "std": 0.000683776599131668
      },
      "z_eg": {
        "mean": 0.6091243900244985,
        "n_eff": 92.03036844358397,
        "r_hat": 0.9733414784711178,
        "shape": [
          1,
          32
        ],
        "std": 0.0009472144231977074
      },
      "z_em": {
        "mean": 0.2396765882339543,
        "n_eff": 330.0742480467657,
        "r_hat": 0.9696543828077301,
        "shape": [
          1,
          32
        ],
        "std": 0.0004109941342895424
      },
      "z_ew": {
        "mean": 0.20891370553412134,
        "n_eff": 24.61415481010594,
        "r_hat": 0.9737197281701618,
        "shape": [
          1,
          32
        ],
        "std": 0.00029719602362592647
      }
    }
  },
  "seconds_per_mean_ess": 2.7705834281274684,
  "seconds_per_min_ess": 9.903709083602394,
  "timing_s": 156.59673001617193
}
Wrote benchmarks/results/gpuhub_5090_chain_ablation/gpuhub5090_sw07_safe15_static_static_hmc_sw07_hlt_medium_sw07_hlt_sw07_safe_15_40p_1chains_float64.json
[static-hmc +     0.00s] configure runtime and build likelihood context
[static-hmc +     4.81s] context ready: vars=66, exo=7, observations=(7, 40), parameters=('calfa', 'cg', 'cgy', 'cindw', 'crdy', 'crhob', 'crhoqs', 'crpi', 'crr', 'cry', 'csigl', 'z_ea', 'z_eg', 'z_em', 'z_ew'), chains=2
[static-hmc +     5.44s] START cold static-HMC run for step_size=1
W0915 08:25:35.800628    7028 cuda_timer.cc:88] Delay kernel timed out: measured time has sub-optimal accuracy. There may be a missing warmup execution, please investigate in Nsight Systems.
W0915 08:25:35.900801    7028 cuda_timer.cc:88] Delay kernel timed out: measured time has sub-optimal accuracy. There may be a missing warmup execution, please investigate in Nsight Systems.
W0915 08:25:44.300705    7045 cuda_timer.cc:88] Delay kernel timed out: measured time has sub-optimal accuracy. There may be a missing warmup execution, please investigate in Nsight Systems.
W0915 08:25:47.001125    6945 cuda_timer.cc:88] Delay kernel timed out: measured time has sub-optimal accuracy. There may be a missing warmup execution, please investigate in Nsight Systems.
W0915 08:25:49.500634    6945 cuda_timer.cc:88] Delay kernel timed out: measured time has sub-optimal accuracy. There may be a missing warmup execution, please investigate in Nsight Systems.
[static-hmc +   175.67s] END cold static-HMC run for step_size=1 in 170.232s
{
  "acceptance": {
    "accept_prob": {
      "max": 1.0,
      "mean": 0.8885750989133587,
      "median": 0.9597064375999402,
      "min": 0.5510984651058008
    },
    "accepted_share": 0.875,
    "num_steps": {
      "max": 8.0,
      "mean": 8.0,
      "median": 8.0,
      "min": 8.0
    },
    "warmup_accept_prob": {
      "max": 1.0,
      "mean": 0.7949203889455532,
      "median": 0.8973426693165185,
      "min": 0.32119805308884053
    }
  },
  "draws_per_second": 0.3759574100043648,
  "final_log_prob_mean": -336.17376640521184,
  "final_step_size": 0.9782436670964747,
  "mean_ess": 54.55580959030568,
  "min_ess": 5.02372206959763,
  "post_warmup_draws": 64,
  "posterior_diagnostics": {
    "max_r_hat": 1.1421101883272184,
    "mean_ess": 54.55580959030568,
    "min_ess": 5.02372206959763,
    "parameters": {
      "calfa": {
        "mean": 0.24001642783033583,
        "n_eff": 5.02372206959763,
        "r_hat": 1.1421101883272184,
        "shape": [
          2,
          32
        ],
        "std": 0.0002974355278441918
      },
      "cg": {
        "mean": 0.17999130292647525,
        "n_eff": 49.991572709522664,
        "r_hat": 0.970040142558667,
        "shape": [
          2,
          32
        ],
        "std": 0.0002451992187392459
      },
      "cgy": {
        "mean": 0.510029925013098,
        "n_eff": 120.18806218723311,
        "r_hat": 0.99136761283399,
        "shape": [
          2,
          32
        ],
        "std": 0.000758743648932219
      },
      "cindw": {
        "mean": 0.3244453297652184,
        "n_eff": 46.98013752144853,
        "r_hat": 0.9930935622461295,
        "shape": [
          2,
          32
        ],
        "std": 0.0004610088365070302
      },
      "crdy": {
        "mean": 0.23463223203365585,
        "n_eff": 64.31158144122922,
        "r_hat": 0.9964890808006788,
        "shape": [
          2,
          32
        ],
        "std": 0.0003488643059766931
      },
      "crhob": {
        "mean": 0.5800527219559417,
        "n_eff": 38.675795015485065,
        "r_hat": 1.1151356874201996,
        "shape": [
          2,
          32
        ],
        "std": 0.0008306303375013202
      },
      "crhoqs": {
        "mean": 0.7164551418521095,
        "n_eff": 48.06329392600364,
        "r_hat": 1.0103220843746918,
        "shape": [
          2,
          32
        ],
        "std": 0.001007878141308005
      },
      "crpi": {
        "mean": 1.4886693527863049,
        "n_eff": 47.11614177390131,
        "r_hat": 0.986700027670428,
        "shape": [
          2,
          32
        ],
        "std": 0.0018714524813950608
      },
      "crr": {
        "mean": 0.8762789930229322,
        "n_eff": 6.745561024037319,
        "r_hat": 1.0887292773457795,
        "shape": [
          2,
          32
        ],
        "std": 0.0011018920303460604
      },
      "cry": {
        "mean": 0.059304681679405995,
        "n_eff": 39.43134013818996,
        "r_hat": 0.9781397992667998,
        "shape": [
          2,
          32
        ],
        "std": 8.365182093311798e-05
      },
      "csigl": {
        "mean": 1.9423305688466719,
        "n_eff": 121.37529431008356,
        "r_hat": 0.9772174858210575,
        "shape": [
          2,
          32
        ],
        "std": 0.002960817912505138
      },
      "z_ea": {
        "mean": 0.4618908144971751,
        "n_eff": 41.149997017445195,
        "r_hat": 1.036666868701633,
        "shape": [
          2,
          32
        ],
        "std": 0.0006567840141721438
      },
      "z_eg": {
        "mean": 0.6090488818927695,
        "n_eff": 55.833925437112406,
        "r_hat": 0.9974521076687661,
        "shape": [
          2,
          32
        ],
        "std": 0.0007979130307152513
      },
      "z_em": {
        "mean": 0.23960368670453433,
        "n_eff": 77.09273264967693,
        "r_hat": 0.9971279802357635,
        "shape": [
          2,
          32
        ],
        "std": 0.00039192905808645243
      },
      "z_ew": {
        "mean": 0.20890747487839564,
        "n_eff": 56.35798663361861,
        "r_hat": 0.9714695512423186,
        "shape": [
          2,
          32
        ],
        "std": 0.0002737731972082199
      }
    }
  },
  "seconds_per_mean_ess": 3.120328515611563,
  "seconds_per_min_ess": 33.885642159049645,
  "timing_s": 170.23204835690558
}
Wrote benchmarks/results/gpuhub_5090_chain_ablation/gpuhub5090_sw07_safe15_static_static_hmc_sw07_hlt_medium_sw07_hlt_sw07_safe_15_40p_2chains_float64.json
[static-hmc +     0.00s] configure runtime and build likelihood context
[static-hmc +     4.84s] context ready: vars=66, exo=7, observations=(7, 40), parameters=('calfa', 'cg', 'cgy', 'cindw', 'crdy', 'crhob', 'crhoqs', 'crpi', 'crr', 'cry', 'csigl', 'z_ea', 'z_eg', 'z_em', 'z_ew'), chains=4
[static-hmc +     5.46s] START cold static-HMC run for step_size=1
W0915 08:28:33.800673   10775 cuda_timer.cc:88] Delay kernel timed out: measured time has sub-optimal accuracy. There may be a missing warmup execution, please investigate in Nsight Systems.
W0915 08:28:43.500798   10654 cuda_timer.cc:88] Delay kernel timed out: measured time has sub-optimal accuracy. There may be a missing warmup execution, please investigate in Nsight Systems.
W0915 08:28:45.000871   10765 cuda_timer.cc:88] Delay kernel timed out: measured time has sub-optimal accuracy. There may be a missing warmup execution, please investigate in Nsight Systems.
[static-hmc +   180.65s] END cold static-HMC run for step_size=1 in 175.193s
{
  "acceptance": {
    "accept_prob": {
      "max": 1.0,
      "mean": 0.8803845812413913,
      "median": 0.963576316535196,
      "min": 0.44396672125932196
    },
    "accepted_share": 0.890625,
    "num_steps": {
      "max": 8.0,
      "mean": 8.0,
      "median": 8.0,
      "min": 8.0
    },
    "warmup_accept_prob": {
      "max": 1.0,
      "mean": 0.8016329609937841,
      "median": 0.8565914785729852,
      "min": 0.31981956997669386
    }
  },
  "draws_per_second": 0.730624756005044,
  "final_log_prob_mean": -334.7223471635658,
  "final_step_size": 0.9863752562449604,
  "mean_ess": 89.22539583128864,
  "min_ess": 28.026428087933475,
  "post_warmup_draws": 128,
  "posterior_diagnostics": {
    "max_r_hat": 1.0705351640430467,
    "mean_ess": 89.22539583128864,
    "min_ess": 28.026428087933475,
    "parameters": {
      "calfa": {
        "mean": 0.23995063219668722,
        "n_eff": 28.026428087933475,
        "r_hat": 1.0705351640430467,
        "shape": [
          4,
          32
        ],
        "std": 0.00033071746352096354
      },
      "cg": {
        "mean": 0.18002858232821167,
        "n_eff": 98.31914311760806,
        "r_hat": 0.9991615146806683,
        "shape": [
          4,
          32
        ],
        "std": 0.00025895488020989216
      },
      "cgy": {
        "mean": 0.5099679949663875,
        "n_eff": 90.58910648131712,
        "r_hat": 1.0341501999243625,
        "shape": [
          4,
          32
        ],
        "std": 0.0006813656239474586
      },
      "cindw": {
        "mean": 0.32439001220950686,
        "n_eff": 106.86040559508997,
        "r_hat": 1.002439594138194,
        "shape": [
          4,
          32
        ],
        "std": 0.0004580228936836383
      },
      "crdy": {
        "mean": 0.23469226175391628,
        "n_eff": 122.57125753356142,
        "r_hat": 1.0042726552218642,
        "shape": [
          4,
          32
        ],
        "std": 0.00035798597631458404
      },
      "crhob": {
        "mean": 0.5800581534218048,
        "n_eff": 89.96078707240378,
        "r_hat": 1.0305885533183925,
        "shape": [
          4,
          32
        ],
        "std": 0.0007877222649972692
      },
      "crhoqs": {
        "mean": 0.7165453699913286,
        "n_eff": 103.94690692273971,
        "r_hat": 1.0028706455507652,
        "shape": [
          4,
          32
        ],
        "std": 0.0009660880577956702
      },
      "crpi": {
        "mean": 1.4882271048953097,
        "n_eff": 41.31840348180676,
        "r_hat": 1.070147645903392,
        "shape": [
          4,
          32
        ],
        "std": 0.002077018073973257
      },
      "crr": {
        "mean": 0.8764603846058943,
        "n_eff": 53.1215324297568,
        "r_hat": 1.046152321760513,
        "shape": [
          4,
          32
        ],
        "std": 0.0012382077763098695
      },
      "cry": {
        "mean": 0.05930153005714299,
        "n_eff": 79.39693342812572,
        "r_hat": 0.9926434797823237,
        "shape": [
          4,
          32
        ],
        "std": 7.548837267196083e-05
      },
      "csigl": {
        "mean": 1.9421842265227611,
        "n_eff": 132.10283329789263,
        "r_hat": 0.9975482366353072,
        "shape": [
          4,
          32
        ],
        "std": 0.0032061595828617186
      },
      "z_ea": {
        "mean": 0.4618329954793437,
        "n_eff": 79.22638275279188,
        "r_hat": 1.0359929447323981,
        "shape": [
          4,
          32
        ],
        "std": 0.0006308164572996007
      },
      "z_eg": {
        "mean": 0.6089889166788262,
        "n_eff": 110.98562749436823,
        "r_hat": 1.0015654497338533,
        "shape": [
          4,
          32
        ],
        "std": 0.0008481083491367514
      },
      "z_em": {
        "mean": 0.2396615335569628,
        "n_eff": 94.72638626844963,
        "r_hat": 1.0076911128392054,
        "shape": [
          4,
          32
        ],
        "std": 0.0003597198631820979
      },
      "z_ew": {
        "mean": 0.20888190374546045,
        "n_eff": 107.22880350548434,
        "r_hat": 0.9924436141611609,
        "shape": [
          4,
          32
        ],
        "std": 0.000288220056719115
      }
    }
  },
  "seconds_per_mean_ess": 1.963482807472483,
  "seconds_per_min_ess": 6.250976048570733,
  "timing_s": 175.1925307046622
}
Wrote benchmarks/results/gpuhub_5090_chain_ablation/gpuhub5090_sw07_safe15_static_static_hmc_sw07_hlt_medium_sw07_hlt_sw07_safe_15_40p_4chains_float64.json
[static-hmc +     0.00s] configure runtime and build likelihood context
[static-hmc +     5.10s] context ready: vars=66, exo=7, observations=(7, 40), parameters=('calfa', 'cg', 'cgy', 'cindw', 'crdy', 'crhob', 'crhoqs', 'crpi', 'crr', 'cry', 'csigl', 'z_ea', 'z_eg', 'z_em', 'z_ew'), chains=8
[static-hmc +     5.72s] START cold static-HMC run for step_size=1
W0915 08:31:46.801981   14493 cuda_timer.cc:88] Delay kernel timed out: measured time has sub-optimal accuracy. There may be a missing warmup execution, please investigate in Nsight Systems.
W0915 08:31:59.201263   14464 cuda_timer.cc:88] Delay kernel timed out: measured time has sub-optimal accuracy. There may be a missing warmup execution, please investigate in Nsight Systems.
[static-hmc +   213.22s] END cold static-HMC run for step_size=1 in 207.503s
{
  "acceptance": {
    "accept_prob": {
      "max": 1.0,
      "mean": 0.8811070025022909,
      "median": 0.9807781424316222,
      "min": 0.2927207100810141
    },
    "accepted_share": 0.875,
    "num_steps": {
      "max": 8.0,
      "mean": 8.0,
      "median": 8.0,
      "min": 8.0
    },
    "warmup_accept_prob": {
      "max": 1.0,
      "mean": 0.8051608411310718,
      "median": 0.8636699748970349,
      "min": 0.2318348068757691
    }
  },
  "draws_per_second": 1.2337170450738209,
  "final_log_prob_mean": -335.2410805093738,
  "final_step_size": 0.9848731728448352,
  "mean_ess": 163.9194797800208,
  "min_ess": 82.2367372616694,
  "post_warmup_draws": 256,
  "posterior_diagnostics": {
    "max_r_hat": 1.065656470725129,
    "mean_ess": 163.9194797800208,
    "min_ess": 82.2367372616694,
    "parameters": {
      "calfa": {
        "mean": 0.2399752697553228,
        "n_eff": 142.96974239173602,
        "r_hat": 1.0287285589728892,
        "shape": [
          8,
          32
        ],
        "std": 0.00032823915438701286
      },
      "cg": {
        "mean": 0.1800135719239522,
        "n_eff": 194.38805915148887,
        "r_hat": 0.9989796734128215,
        "shape": [
          8,
          32
        ],
        "std": 0.0002615913024548494
      },
      "cgy": {
        "mean": 0.5099489595790074,
        "n_eff": 210.34576520732702,
        "r_hat": 1.0111852628456413,
        "shape": [
          8,
          32
        ],
        "std": 0.000688817450286682
      },
      "cindw": {
        "mean": 0.324377989219888,
        "n_eff": 305.72458001582686,
        "r_hat": 0.9910015141258424,
        "shape": [
          8,
          32
        ],
        "std": 0.0004970968841637424
      },
      "crdy": {
        "mean": 0.2346999141508483,
        "n_eff": 128.62534026221115,
        "r_hat": 1.036105429793168,
        "shape": [
          8,
          32
        ],
        "std": 0.0003377275083101095
      },
      "crhob": {
        "mean": 0.5798962966300805,
        "n_eff": 142.39790859357274,
        "r_hat": 1.0387395282110865,
        "shape": [
          8,
          32
        ],
        "std": 0.0008208231813623603
      },
      "crhoqs": {
        "mean": 0.7165307347360937,
        "n_eff": 175.9981332008163,
        "r_hat": 1.006257925144997,
        "shape": [
          8,
          32
        ],
        "std": 0.00102539781002548
      },
      "crpi": {
        "mean": 1.4879680150322891,
        "n_eff": 82.2367372616694,
        "r_hat": 1.065656470725129,
        "shape": [
          8,
          32
        ],
        "std": 0.0020867018482038538
      },
      "crr": {
        "mean": 0.8764159388424793,
        "n_eff": 144.19939688351062,
        "r_hat": 1.0315253157016626,
        "shape": [
          8,
          32
        ],
        "std": 0.0012199645541786555
      },
      "cry": {
        "mean": 0.05929824226402257,
        "n_eff": 163.07058493539662,
        "r_hat": 1.0050069250163471,
        "shape": [
          8,
          32
        ],
        "std": 8.416681063736461e-05
      },
      "csigl": {
        "mean": 1.9426494699966546,
        "n_eff": 130.1809378528684,
        "r_hat": 1.0356689664388572,
        "shape": [
          8,
          32
        ],
        "std": 0.003155982765128234
      },
      "z_ea": {
        "mean": 0.4617993271661036,
        "n_eff": 153.44334255446228,
        "r_hat": 1.0394300983150704,
        "shape": [
          8,
          32
        ],
        "std": 0.0006309244517632118
      },
      "z_eg": {
        "mean": 0.608940694225362,
        "n_eff": 157.4962253557993,
        "r_hat": 1.0231786694726213,
        "shape": [
          8,
          32
        ],
        "std": 0.0008222915214823487
      },
      "z_em": {
        "mean": 0.23971086507371545,
        "n_eff": 100.80710339314912,
        "r_hat": 1.0546033724008848,
        "shape": [
          8,
          32
        ],
        "std": 0.0003451380734546489
      },
      "z_ew": {
        "mean": 0.2089092711913477,
        "n_eff": 226.90833964047715,
        "r_hat": 0.9891400154134342,
        "shape": [
          8,
          32
        ],
        "std": 0.0002986836356745845
      }
    }
  },
  "seconds_per_mean_ess": 1.2658837741674602,
  "seconds_per_min_ess": 2.523239815111399,
  "timing_s": 207.50300972349942
}
Wrote benchmarks/results/gpuhub_5090_chain_ablation/gpuhub5090_sw07_safe15_static_static_hmc_sw07_hlt_medium_sw07_hlt_sw07_safe_15_40p_8chains_float64.json
[static-hmc +     0.00s] configure runtime and build likelihood context
[static-hmc +     5.13s] context ready: vars=66, exo=7, observations=(7, 40), parameters=('calfa', 'cg', 'cgy', 'cindw', 'crdy', 'crhob', 'crhoqs', 'crpi', 'crr', 'cry', 'csigl', 'z_ea', 'z_eg', 'z_em', 'z_ew'), chains=16
[static-hmc +     5.76s] START cold static-HMC run for step_size=1
[static-hmc +   295.67s] END cold static-HMC run for step_size=1 in 289.915s
{
  "acceptance": {
    "accept_prob": {
      "max": 1.0,
      "mean": 0.8663140963965933,
      "median": 0.9401856017290465,
      "min": 0.24423873176137645
    },
    "accepted_share": 0.853515625,
    "num_steps": {
      "max": 8.0,
      "mean": 8.0,
      "median": 8.0,
      "min": 8.0
    },
    "warmup_accept_prob": {
      "max": 1.0,
      "mean": 0.8143320827435462,
      "median": 0.8655518349508167,
      "min": 0.23183480687549235
    }
  },
  "draws_per_second": 1.766035420895,
  "final_log_prob_mean": -335.24099012566825,
  "final_step_size": 0.9885618553210977,
  "mean_ess": 332.19252708257517,
  "min_ess": 235.4475576519099,
  "post_warmup_draws": 512,
  "posterior_diagnostics": {
    "max_r_hat": 1.0530109725183419,
    "mean_ess": 332.19252708257517,
    "min_ess": 235.4475576519099,
    "parameters": {
      "calfa": {
        "mean": 0.24000000326177712,
        "n_eff": 276.20267743940775,
        "r_hat": 1.0268772811289941,
        "shape": [
          16,
          32
        ],
        "std": 0.00033202308741999103
      },
      "cg": {
        "mean": 0.1800305331820004,
        "n_eff": 357.6483303787069,
        "r_hat": 1.0219829095243662,
        "shape": [
          16,
          32
        ],
        "std": 0.0002521282509213325
      },
      "cgy": {
        "mean": 0.5099353133080184,
        "n_eff": 316.5521366319684,
        "r_hat": 1.0206851056625346,
        "shape": [
          16,
          32
        ],
        "std": 0.0006949382858787679
      },
      "cindw": {
        "mean": 0.3243758019763593,
        "n_eff": 450.19971230299006,
        "r_hat": 1.0019160460196068,
        "shape": [
          16,
          32
        ],
        "std": 0.0004698122315475856
      },
      "crdy": {
        "mean": 0.2346691118365804,
        "n_eff": 235.4475576519099,
        "r_hat": 1.0530109725183419,
        "shape": [
          16,
          32
        ],
        "std": 0.00033888205589742746
      },
      "crhob": {
        "mean": 0.5799533283189429,
        "n_eff": 332.08671609750235,
        "r_hat": 1.026519283011303,
        "shape": [
          16,
          32
        ],
        "std": 0.0008068499467332117
      },
      "crhoqs": {
        "mean": 0.7164987820611082,
        "n_eff": 305.953425773778,
        "r_hat": 1.022004651223744,
        "shape": [
          16,
          32
        ],
        "std": 0.0010196400352545393
      },
      "crpi": {
        "mean": 1.4880928960977033,
        "n_eff": 295.24645412873053,
        "r_hat": 1.0260325416569338,
        "shape": [
          16,
          32
        ],
        "std": 0.002132534082126216
      },
      "crr": {
        "mean": 0.8764245866036688,
        "n_eff": 397.22038669685884,
        "r_hat": 1.0213957641541995,
        "shape": [
          16,
          32
        ],
        "std": 0.0012465286547045575
      },
      "cry": {
        "mean": 0.059304690658520696,
        "n_eff": 397.94904686213675,
        "r_hat": 1.019507386325014,
        "shape": [
          16,
          32
        ],
        "std": 8.558614891234493e-05
      },
      "csigl": {
        "mean": 1.942544943405851,
        "n_eff": 310.40042354199653,
        "r_hat": 1.0282412109632093,
        "shape": [
          16,
          32
        ],
        "std": 0.0029703946619308833
      },
      "z_ea": {
        "mean": 0.4617601142789646,
        "n_eff": 259.4095919970012,
        "r_hat": 1.0520539224935959,
        "shape": [
          16,
          32
        ],
        "std": 0.0006470701098172641
      },
      "z_eg": {
        "mean": 0.6090242152086064,
        "n_eff": 300.24065059663803,
        "r_hat": 1.028603147447521,
        "shape": [
          16,
          32
        ],
        "std": 0.0008809433645145654
      },
      "z_em": {
        "mean": 0.23970615268943737,
        "n_eff": 363.46005939747226,
        "r_hat": 1.022053895992545,
        "shape": [
          16,
          32
        ],
        "std": 0.0003577910766561115
      },
      "z_ew": {
        "mean": 0.20892753006850523,
        "n_eff": 384.87073674153004,
        "r_hat": 1.0014965743980624,
        "shape": [
          16,
          32
        ],
        "std": 0.0002989563301629796
      }
    }
  },
  "seconds_per_mean_ess": 0.8727315827551624,
  "seconds_per_min_ess": 1.2313353887867828,
  "timing_s": 289.91490994021297
}
Wrote benchmarks/results/gpuhub_5090_chain_ablation/gpuhub5090_sw07_safe15_static_static_hmc_sw07_hlt_medium_sw07_hlt_sw07_safe_15_40p_16chains_float64.json
[static-hmc +     0.00s] configure runtime and build likelihood context
[static-hmc +     5.12s] context ready: vars=66, exo=7, observations=(7, 40), parameters=('calfa', 'cg', 'cgy', 'cindw', 'crdy', 'crhob', 'crhoqs', 'crpi', 'crr', 'cry', 'csigl', 'z_ea', 'z_eg', 'z_em', 'z_ew'), chains=32
[static-hmc +     5.76s] START cold static-HMC run for step_size=1
W0915 08:40:20.700784   22299 cuda_timer.cc:88] Delay kernel timed out: measured time has sub-optimal accuracy. There may be a missing warmup execution, please investigate in Nsight Systems.
[static-hmc +   300.94s] END cold static-HMC run for step_size=1 in 295.184s
{
  "acceptance": {
    "accept_prob": {
      "max": 1.0,
      "mean": 0.8669087407353033,
      "median": 0.9456384252465828,
      "min": 0.24588018091780628
    },
    "accepted_share": 0.86328125,
    "num_steps": {
      "max": 8.0,
      "mean": 8.0,
      "median": 8.0,
      "min": 8.0
    },
    "warmup_accept_prob": {
      "max": 1.0,
      "mean": 0.8142861150265724,
      "median": 0.8802422430107073,
      "min": 0.21702352074783182
    }
  },
  "draws_per_second": 3.469025577020738,
  "final_log_prob_mean": -334.99505261259077,
  "final_step_size": 0.9881707096139878,
  "mean_ess": 683.1488692905915,
  "min_ess": 556.786935776145,
  "post_warmup_draws": 1024,
  "posterior_diagnostics": {
    "max_r_hat": 1.038545878110207,
    "mean_ess": 683.1488692905915,
    "min_ess": 556.786935776145,
    "parameters": {
      "calfa": {
        "mean": 0.24000775312036662,
        "n_eff": 677.7162622318722,
        "r_hat": 1.0135895617991957,
        "shape": [
          32,
          32
        ],
        "std": 0.000344063530077159
      },
      "cg": {
        "mean": 0.1800053545686246,
        "n_eff": 855.131154708094,
        "r_hat": 1.0151132351640653,
        "shape": [
          32,
          32
        ],
        "std": 0.0002610362191780136
      },
      "cgy": {
        "mean": 0.509989893165101,
        "n_eff": 621.163198748441,
        "r_hat": 1.0306365300709202,
        "shape": [
          32,
          32
        ],
        "std": 0.0007118800976976182
      },
      "cindw": {
        "mean": 0.3243532487300559,
        "n_eff": 871.9169800682096,
        "r_hat": 1.0099257422139387,
        "shape": [
          32,
          32
        ],
        "std": 0.0004687668730965633
      },
      "crdy": {
        "mean": 0.23468506171777215,
        "n_eff": 570.0014654301015,
        "r_hat": 1.0341035555652294,
        "shape": [
          32,
          32
        ],
        "std": 0.00033858597791930226
      },
      "crhob": {
        "mean": 0.5799403391344082,
        "n_eff": 733.8318711922159,
        "r_hat": 1.0241595266763586,
        "shape": [
          32,
          32
        ],
        "std": 0.0008100330364907208
      },
      "crhoqs": {
        "mean": 0.7165253928512689,
        "n_eff": 600.184928842896,
        "r_hat": 1.0307215448660558,
        "shape": [
          32,
          32
        ],
        "std": 0.0010108619680912014
      },
      "crpi": {
        "mean": 1.4879637565298878,
        "n_eff": 556.786935776145,
        "r_hat": 1.0249570039619278,
        "shape": [
          32,
          32
        ],
        "std": 0.0021286235903344502
      },
      "crr": {
        "mean": 0.8763414037587529,
        "n_eff": 704.7598636024586,
        "r_hat": 1.0269214486716303,
        "shape": [
          32,
          32
        ],
        "std": 0.001264234101920105
      },
      "cry": {
        "mean": 0.0592997469986568,
        "n_eff": 647.6597667970998,
        "r_hat": 1.032160285781591,
        "shape": [
          32,
          32
        ],
        "std": 8.582414615016311e-05
      },
      "csigl": {
        "mean": 1.942562230656966,
        "n_eff": 590.3497312238748,
        "r_hat": 1.0333200664378774,
        "shape": [
          32,
          32
        ],
        "std": 0.0028550441103277883
      },
      "z_ea": {
        "mean": 0.46176632258761763,
        "n_eff": 589.8572466536889,
        "r_hat": 1.038545878110207,
        "shape": [
          32,
          32
        ],
        "std": 0.0006522676059843107
      },
      "z_eg": {
        "mean": 0.6089982053758893,
        "n_eff": 660.1905149556212,
        "r_hat": 1.0258949987058823,
        "shape": [
          32,
          32
        ],
        "std": 0.000877296532897335
      },
      "z_em": {
        "mean": 0.2396916157416256,
        "n_eff": 815.7014381290018,
        "r_hat": 1.0184900599304416,
        "shape": [
          32,
          32
        ],
        "std": 0.00035477724950706217
      },
      "z_ew": {
        "mean": 0.20891602431226436,
        "n_eff": 751.9816809991519,
        "r_hat": 0.9995858421414698,
        "shape": [
          32,
          32
        ],
        "std": 0.00029721443962184995
      }
    }
  },
  "seconds_per_mean_ess": 0.43209287084815495,
  "seconds_per_min_ess": 0.530155679276068,
  "timing_s": 295.1837561484426
}
Wrote benchmarks/results/gpuhub_5090_chain_ablation/gpuhub5090_sw07_safe15_static_static_hmc_sw07_hlt_medium_sw07_hlt_sw07_safe_15_40p_32chains_float64.json
[static-hmc +     0.00s] configure runtime and build likelihood context
[static-hmc +     5.08s] context ready: vars=66, exo=7, observations=(7, 40), parameters=('calfa', 'cg', 'cgy', 'cindw', 'crdy', 'crhob', 'crhoqs', 'crpi', 'crr', 'cry', 'csigl', 'z_ea', 'z_eg', 'z_em', 'z_ew'), chains=64
[static-hmc +     5.74s] START cold static-HMC run for step_size=1
W0915 08:45:15.900590   26048 cuda_timer.cc:88] Delay kernel timed out: measured time has sub-optimal accuracy. There may be a missing warmup execution, please investigate in Nsight Systems.
W0915 08:45:30.401045   26079 cuda_timer.cc:88] Delay kernel timed out: measured time has sub-optimal accuracy. There may be a missing warmup execution, please investigate in Nsight Systems.
[static-hmc +   386.02s] END cold static-HMC run for step_size=1 in 380.277s
{
  "acceptance": {
    "accept_prob": {
      "max": 1.0,
      "mean": 0.8695461430275939,
      "median": 0.9495469495895277,
      "min": 0.25247559830627553
    },
    "accepted_share": 0.87255859375,
    "num_steps": {
      "max": 8.0,
      "mean": 8.0,
      "median": 8.0,
      "min": 8.0
    },
    "warmup_accept_prob": {
      "max": 1.0,
      "mean": 0.8056469402797941,
      "median": 0.868452751745125,
      "min": 0.11787632205393665
    }
  },
  "draws_per_second": 5.385550166240143,
  "final_log_prob_mean": -335.7645779973399,
  "final_step_size": 0.9842500930368485,
  "mean_ess": 1427.9799755980705,
  "min_ess": 1247.721817836934,
  "post_warmup_draws": 2048,
  "posterior_diagnostics": {
    "max_r_hat": 1.0324835323233532,
    "mean_ess": 1427.9799755980705,
    "min_ess": 1247.721817836934,
    "parameters": {
      "calfa": {
        "mean": 0.23999949887549044,
        "n_eff": 1689.5540496834894,
        "r_hat": 1.0131187158944626,
        "shape": [
          64,
          32
        ],
        "std": 0.000348910587041494
      },
      "cg": {
        "mean": 0.18000210510219272,
        "n_eff": 1734.340715977381,
        "r_hat": 1.013241625754354,
        "shape": [
          64,
          32
        ],
        "std": 0.00026831566171979396
      },
      "cgy": {
        "mean": 0.5100008367239229,
        "n_eff": 1394.6174205661894,
        "r_hat": 1.0280763338024677,
        "shape": [
          64,
          32
        ],
        "std": 0.000738408360301878
      },
      "cindw": {
        "mean": 0.32432016644855566,
        "n_eff": 1569.7460057488786,
        "r_hat": 1.0181056806822868,
        "shape": [
          64,
          32
        ],
        "std": 0.00047656707601373204
      },
      "crdy": {
        "mean": 0.2346842473955877,
        "n_eff": 1368.0519637680086,
        "r_hat": 1.0261149063611041,
        "shape": [
          64,
          32
        ],
        "std": 0.00033860147199302605
      },
      "crhob": {
        "mean": 0.5799633405614631,
        "n_eff": 1394.9566807349465,
        "r_hat": 1.0296033245271818,
        "shape": [
          64,
          32
        ],
        "std": 0.0008175657262407153
      },
      "crhoqs": {
        "mean": 0.71652416862139,
        "n_eff": 1335.4922359269847,
        "r_hat": 1.028047006369788,
        "shape": [
          64,
          32
        ],
        "std": 0.0010382310596519628
      },
      "crpi": {
        "mean": 1.4879007657589576,
        "n_eff": 1472.785190045873,
        "r_hat": 1.0231496331623111,
        "shape": [
          64,
          32
        ],
        "std": 0.0021647895709709774
      },
      "crr": {
        "mean": 0.8762888322473044,
        "n_eff": 1353.1192573116828,
        "r_hat": 1.0266269521336657,
        "shape": [
          64,
          32
        ],
        "std": 0.001265061307073461
      },
      "cry": {
        "mean": 0.059300536018909646,
        "n_eff": 1501.7277113348873,
        "r_hat": 1.0239289262030022,
        "shape": [
          64,
          32
        ],
        "std": 8.559740551620354e-05
      },
      "csigl": {
        "mean": 1.942570922963911,
        "n_eff": 1364.2005306407843,
        "r_hat": 1.0250992898571378,
        "shape": [
          64,
          32
        ],
        "std": 0.0028136739787320638
      },
      "z_ea": {
        "mean": 0.46176399667374124,
        "n_eff": 1247.721817836934,
        "r_hat": 1.0321290381528818,
        "shape": [
          64,
          32
        ],
        "std": 0.0006527437529093267
      },
      "z_eg": {
        "mean": 0.608968425613189,
        "n_eff": 1302.809681550511,
        "r_hat": 1.0194695854533644,
        "shape": [
          64,
          32
        ],
        "std": 0.0008596684264130046
      },
      "z_em": {
        "mean": 0.23968354568400435,
        "n_eff": 1256.6375769959373,
        "r_hat": 1.0324835323233532,
        "shape": [
          64,
          32
        ],
        "std": 0.00035001480881647256
      },
      "z_ew": {
        "mean": 0.2088983917267993,
        "n_eff": 1433.9387958485686,
        "r_hat": 1.0058027159107317,
        "shape": [
          64,
          32
        ],
        "std": 0.00029441793621766903
      }
    }
  },
  "seconds_per_mean_ess": 0.26630404256812473,
  "seconds_per_min_ess": 0.30477694208100886,
  "timing_s": 380.2768402080983
}
Wrote benchmarks/results/gpuhub_5090_chain_ablation/gpuhub5090_sw07_safe15_static_static_hmc_sw07_hlt_medium_sw07_hlt_sw07_safe_15_40p_64chains_float64.json
[static-hmc +     0.00s] configure runtime and build likelihood context
[static-hmc +     5.07s] context ready: vars=66, exo=7, observations=(7, 40), parameters=('calfa', 'cg', 'cgy', 'cindw', 'crdy', 'crhob', 'crhoqs', 'crpi', 'crr', 'cry', 'csigl', 'z_ea', 'z_eg', 'z_em', 'z_ew'), chains=100
[static-hmc +     5.70s] START cold static-HMC run for step_size=1
W0915 08:51:41.000704   30134 cuda_timer.cc:88] Delay kernel timed out: measured time has sub-optimal accuracy. There may be a missing warmup execution, please investigate in Nsight Systems.
W0915 08:51:50.400695   30188 cuda_timer.cc:88] Delay kernel timed out: measured time has sub-optimal accuracy. There may be a missing warmup execution, please investigate in Nsight Systems.
W0915 08:51:51.900701   30103 cuda_timer.cc:88] Delay kernel timed out: measured time has sub-optimal accuracy. There may be a missing warmup execution, please investigate in Nsight Systems.
[static-hmc +   426.11s] END cold static-HMC run for step_size=1 in 420.409s
{
  "acceptance": {
    "accept_prob": {
      "max": 1.0,
      "mean": 0.8690632518359237,
      "median": 0.9462989992162771,
      "min": 0.2482799715386957
    },
    "accepted_share": 0.8678125,
    "num_steps": {
      "max": 8.0,
      "mean": 8.0,
      "median": 8.0,
      "min": 8.0
    },
    "warmup_accept_prob": {
      "max": 1.0,
      "mean": 0.811035457635001,
      "median": 0.8780517405139592,
      "min": 0.11787632205372224
    }
  },
  "draws_per_second": 7.611631797904651,
  "final_log_prob_mean": -335.8340778314585,
  "final_step_size": 0.9864753848687631,
  "mean_ess": 2230.696240467417,
  "min_ess": 2044.7896166446944,
  "post_warmup_draws": 3200,
  "posterior_diagnostics": {
    "max_r_hat": 1.030854764745931,
    "mean_ess": 2230.696240467417,
    "min_ess": 2044.7896166446944,
    "parameters": {
      "calfa": {
        "mean": 0.23999391580793522,
        "n_eff": 2549.899539942071,
        "r_hat": 1.0156733094580654,
        "shape": [
          100,
          32
        ],
        "std": 0.00034718898574828206
      },
      "cg": {
        "mean": 0.17999870435572782,
        "n_eff": 2526.8991340233138,
        "r_hat": 1.0156618076317194,
        "shape": [
          100,
          32
        ],
        "std": 0.00026845143599275157
      },
      "cgy": {
        "mean": 0.5100132521568524,
        "n_eff": 2271.1278732328396,
        "r_hat": 1.023895209521813,
        "shape": [
          100,
          32
        ],
        "std": 0.0007264245241413296
      },
      "cindw": {
        "mean": 0.3243023095682054,
        "n_eff": 2165.075156526086,
        "r_hat": 1.0240232539637288,
        "shape": [
          100,
          32
        ],
        "std": 0.0004692283250422385
      },
      "crdy": {
        "mean": 0.23468871249226517,
        "n_eff": 2080.233977176661,
        "r_hat": 1.026592119366479,
        "shape": [
          100,
          32
        ],
        "std": 0.0003409786121080598
      },
      "crhob": {
        "mean": 0.5799530851243015,
        "n_eff": 2205.2160583847735,
        "r_hat": 1.0304991796500629,
        "shape": [
          100,
          32
        ],
        "std": 0.0008142155375342792
      },
      "crhoqs": {
        "mean": 0.7164992845957238,
        "n_eff": 2059.2978156489294,
        "r_hat": 1.030854764745931,
        "shape": [
          100,
          32
        ],
        "std": 0.0010319632867530073
      },
      "crpi": {
        "mean": 1.4879028553409812,
        "n_eff": 2198.942891682659,
        "r_hat": 1.0253611950326473,
        "shape": [
          100,
          32
        ],
        "std": 0.0021410705582421163
      },
      "crr": {
        "mean": 0.8763523107017295,
        "n_eff": 2124.2820624331102,
        "r_hat": 1.0246190313645187,
        "shape": [
          100,
          32
        ],
        "std": 0.0012547413289898952
      },
      "cry": {
        "mean": 0.059298380103942436,
        "n_eff": 2226.7742644714026,
        "r_hat": 1.0253483782413715,
        "shape": [
          100,
          32
        ],
        "std": 8.566823924225193e-05
      },
      "csigl": {
        "mean": 1.942596744173005,
        "n_eff": 2253.6438785152495,
        "r_hat": 1.0215347579893443,
        "shape": [
          100,
          32
        ],
        "std": 0.0028201142824182627
      },
      "z_ea": {
        "mean": 0.4617616589552086,
        "n_eff": 2044.7896166446944,
        "r_hat": 1.0294018769914608,
        "shape": [
          100,
          32
        ],
        "std": 0.0006676262034001164
      },
      "z_eg": {
        "mean": 0.6089778655867688,
        "n_eff": 2162.608673946778,
        "r_hat": 1.0171874165581136,
        "shape": [
          100,
          32
        ],
        "std": 0.0008510570490053729
      },
      "z_em": {
        "mean": 0.23969398288095806,
        "n_eff": 2367.353916267537,
        "r_hat": 1.023660563041437,
        "shape": [
          100,
          32
        ],
        "std": 0.0003520045758518094
      },
      "z_ew": {
        "mean": 0.20889771039639635,
        "n_eff": 2224.2987481151486,
        "r_hat": 1.0092942750655025,
        "shape": [
          100,
          32
        ],
        "std": 0.0002965762604042719
      }
    }
  },
  "seconds_per_mean_ess": 0.18846546104958317,
  "seconds_per_min_ess": 0.20560022018847843,
  "timing_s": 420.4091954212636
}
Wrote benchmarks/results/gpuhub_5090_chain_ablation/gpuhub5090_sw07_safe15_static_static_hmc_sw07_hlt_medium_sw07_hlt_sw07_safe_15_40p_100chains_float64.json
{
  "benchmark": {
    "case": "medium_sw07_hlt",
    "chains": [
      1,
      2,
      4,
      8,
      16,
      32,
      64,
      100
    ],
    "dtype": "float64",
    "label": "gpuhub5090_sw07_safe15_static",
    "methods": [
      "static_hmc"
    ],
    "parameters": "sw07_safe_15",
    "periods": 40,
    "platform": "gpu",
    "preset": "sw07_hlt",
    "qme_algorithm": "schur_gpu",
    "samples": 32,
    "warmup": 16
  },
  "jobs": [
    {
      "chains": 1,
      "command": [
        "/root/autodl-tmp/SurrogateNN_DSGE/.venv/bin/python",
        "/root/autodl-tmp/SurrogateNN_DSGE/benchmarks/static_hmc_sampling_speed.py",
        "--preset",
        "sw07_hlt",
        "--payload-path",
        "benchmarks/results/20260712T083357/validation_payloads.json",
        "--case",
        "medium_sw07_hlt",
        "--periods",
        "40",
        "--parameters",
        "sw07_safe_15",
        "--prior-width-scale",
        "0.0025",
        "--prior-width-floor",
        "0.0001",
        "--dtype",
        "float64",
        "--qme-algorithm",
        "schur_gpu",
        "--failure-value",
        "-1000000000000.0",
        "--chains",
        "1",
        "--warmup",
        "16",
        "--samples",
        "32",
        "--leapfrog-steps",
        "8",
        "--step-size",
        "1.0",
        "--max-step-size",
        "2.0",
        "--steady-reps",
        "0",
        "--platform",
        "gpu",
        "--force-gpu",
        "--parameters-are-resolved",
        "--skip-parameter-bounds",
        "--verbose",
        "--output",
        "benchmarks/results/gpuhub_5090_chain_ablation/gpuhub5090_sw07_safe15_static_static_hmc_sw07_hlt_medium_sw07_hlt_sw07_safe_15_40p_1chains_float64.json"
      ],
      "method": "static_hmc",
      "output_path": "benchmarks/results/gpuhub_5090_chain_ablation/gpuhub5090_sw07_safe15_static_static_hmc_sw07_hlt_medium_sw07_hlt_sw07_safe_15_40p_1chains_float64.json",
      "returncode": 0,
      "status": "ok"
    },
    {
      "chains": 2,
      "command": [
        "/root/autodl-tmp/SurrogateNN_DSGE/.venv/bin/python",
        "/root/autodl-tmp/SurrogateNN_DSGE/benchmarks/static_hmc_sampling_speed.py",
        "--preset",
        "sw07_hlt",
        "--payload-path",
        "benchmarks/results/20260712T083357/validation_payloads.json",
        "--case",
        "medium_sw07_hlt",
        "--periods",
        "40",
        "--parameters",
        "sw07_safe_15",
        "--prior-width-scale",
        "0.0025",
        "--prior-width-floor",
        "0.0001",
        "--dtype",
        "float64",
        "--qme-algorithm",
        "schur_gpu",
        "--failure-value",
        "-1000000000000.0",
        "--chains",
        "2",
        "--warmup",
        "16",
        "--samples",
        "32",
        "--leapfrog-steps",
        "8",
        "--step-size",
        "1.0",
        "--max-step-size",
        "2.0",
        "--steady-reps",
        "0",
        "--platform",
        "gpu",
        "--force-gpu",
        "--parameters-are-resolved",
        "--skip-parameter-bounds",
        "--verbose",
        "--output",
        "benchmarks/results/gpuhub_5090_chain_ablation/gpuhub5090_sw07_safe15_static_static_hmc_sw07_hlt_medium_sw07_hlt_sw07_safe_15_40p_2chains_float64.json"
      ],
      "method": "static_hmc",
      "output_path": "benchmarks/results/gpuhub_5090_chain_ablation/gpuhub5090_sw07_safe15_static_static_hmc_sw07_hlt_medium_sw07_hlt_sw07_safe_15_40p_2chains_float64.json",
      "returncode": 0,
      "status": "ok"
    },
    {
      "chains": 4,
      "command": [
        "/root/autodl-tmp/SurrogateNN_DSGE/.venv/bin/python",
        "/root/autodl-tmp/SurrogateNN_DSGE/benchmarks/static_hmc_sampling_speed.py",
        "--preset",
        "sw07_hlt",
        "--payload-path",
        "benchmarks/results/20260712T083357/validation_payloads.json",
        "--case",
        "medium_sw07_hlt",
        "--periods",
        "40",
        "--parameters",
        "sw07_safe_15",
        "--prior-width-scale",
        "0.0025",
        "--prior-width-floor",
        "0.0001",
        "--dtype",
        "float64",
        "--qme-algorithm",
        "schur_gpu",
        "--failure-value",
        "-1000000000000.0",
        "--chains",
        "4",
        "--warmup",
        "16",
        "--samples",
        "32",
        "--leapfrog-steps",
        "8",
        "--step-size",
        "1.0",
        "--max-step-size",
        "2.0",
        "--steady-reps",
        "0",
        "--platform",
        "gpu",
        "--force-gpu",
        "--parameters-are-resolved",
        "--skip-parameter-bounds",
        "--verbose",
        "--output",
        "benchmarks/results/gpuhub_5090_chain_ablation/gpuhub5090_sw07_safe15_static_static_hmc_sw07_hlt_medium_sw07_hlt_sw07_safe_15_40p_4chains_float64.json"
      ],
      "method": "static_hmc",
      "output_path": "benchmarks/results/gpuhub_5090_chain_ablation/gpuhub5090_sw07_safe15_static_static_hmc_sw07_hlt_medium_sw07_hlt_sw07_safe_15_40p_4chains_float64.json",
      "returncode": 0,
      "status": "ok"
    },
    {
      "chains": 8,
      "command": [
        "/root/autodl-tmp/SurrogateNN_DSGE/.venv/bin/python",
        "/root/autodl-tmp/SurrogateNN_DSGE/benchmarks/static_hmc_sampling_speed.py",
        "--preset",
        "sw07_hlt",
        "--payload-path",
        "benchmarks/results/20260712T083357/validation_payloads.json",
        "--case",
        "medium_sw07_hlt",
        "--periods",
        "40",
        "--parameters",
        "sw07_safe_15",
        "--prior-width-scale",
        "0.0025",
        "--prior-width-floor",
        "0.0001",
        "--dtype",
        "float64",
        "--qme-algorithm",
        "schur_gpu",
        "--failure-value",
        "-1000000000000.0",
        "--chains",
        "8",
        "--warmup",
        "16",
        "--samples",
        "32",
        "--leapfrog-steps",
        "8",
        "--step-size",
        "1.0",
        "--max-step-size",
        "2.0",
        "--steady-reps",
        "0",
        "--platform",
        "gpu",
        "--force-gpu",
        "--parameters-are-resolved",
        "--skip-parameter-bounds",
        "--verbose",
        "--output",
        "benchmarks/results/gpuhub_5090_chain_ablation/gpuhub5090_sw07_safe15_static_static_hmc_sw07_hlt_medium_sw07_hlt_sw07_safe_15_40p_8chains_float64.json"
      ],
      "method": "static_hmc",
      "output_path": "benchmarks/results/gpuhub_5090_chain_ablation/gpuhub5090_sw07_safe15_static_static_hmc_sw07_hlt_medium_sw07_hlt_sw07_safe_15_40p_8chains_float64.json",
      "returncode": 0,
      "status": "ok"
    },
    {
      "chains": 16,
      "command": [
        "/root/autodl-tmp/SurrogateNN_DSGE/.venv/bin/python",
        "/root/autodl-tmp/SurrogateNN_DSGE/benchmarks/static_hmc_sampling_speed.py",
        "--preset",
        "sw07_hlt",
        "--payload-path",
        "benchmarks/results/20260712T083357/validation_payloads.json",
        "--case",
        "medium_sw07_hlt",
        "--periods",
        "40",
        "--parameters",
        "sw07_safe_15",
        "--prior-width-scale",
        "0.0025",
        "--prior-width-floor",
        "0.0001",
        "--dtype",
        "float64",
        "--qme-algorithm",
        "schur_gpu",
        "--failure-value",
        "-1000000000000.0",
        "--chains",
        "16",
        "--warmup",
        "16",
        "--samples",
        "32",
        "--leapfrog-steps",
        "8",
        "--step-size",
        "1.0",
        "--max-step-size",
        "2.0",
        "--steady-reps",
        "0",
        "--platform",
        "gpu",
        "--force-gpu",
        "--parameters-are-resolved",
        "--skip-parameter-bounds",
        "--verbose",
        "--output",
        "benchmarks/results/gpuhub_5090_chain_ablation/gpuhub5090_sw07_safe15_static_static_hmc_sw07_hlt_medium_sw07_hlt_sw07_safe_15_40p_16chains_float64.json"
      ],
      "method": "static_hmc",
      "output_path": "benchmarks/results/gpuhub_5090_chain_ablation/gpuhub5090_sw07_safe15_static_static_hmc_sw07_hlt_medium_sw07_hlt_sw07_safe_15_40p_16chains_float64.json",
      "returncode": 0,
      "status": "ok"
    },
    {
      "chains": 32,
      "command": [
        "/root/autodl-tmp/SurrogateNN_DSGE/.venv/bin/python",
        "/root/autodl-tmp/SurrogateNN_DSGE/benchmarks/static_hmc_sampling_speed.py",
        "--preset",
        "sw07_hlt",
        "--payload-path",
        "benchmarks/results/20260712T083357/validation_payloads.json",
        "--case",
        "medium_sw07_hlt",
        "--periods",
        "40",
        "--parameters",
        "sw07_safe_15",
        "--prior-width-scale",
        "0.0025",
        "--prior-width-floor",
        "0.0001",
        "--dtype",
        "float64",
        "--qme-algorithm",
        "schur_gpu",
        "--failure-value",
        "-1000000000000.0",
        "--chains",
        "32",
        "--warmup",
        "16",
        "--samples",
        "32",
        "--leapfrog-steps",
        "8",
        "--step-size",
        "1.0",
        "--max-step-size",
        "2.0",
        "--steady-reps",
        "0",
        "--platform",
        "gpu",
        "--force-gpu",
        "--parameters-are-resolved",
        "--skip-parameter-bounds",
        "--verbose",
        "--output",
        "benchmarks/results/gpuhub_5090_chain_ablation/gpuhub5090_sw07_safe15_static_static_hmc_sw07_hlt_medium_sw07_hlt_sw07_safe_15_40p_32chains_float64.json"
      ],
      "method": "static_hmc",
      "output_path": "benchmarks/results/gpuhub_5090_chain_ablation/gpuhub5090_sw07_safe15_static_static_hmc_sw07_hlt_medium_sw07_hlt_sw07_safe_15_40p_32chains_float64.json",
      "returncode": 0,
      "status": "ok"
    },
    {
      "chains": 64,
      "command": [
        "/root/autodl-tmp/SurrogateNN_DSGE/.venv/bin/python",
        "/root/autodl-tmp/SurrogateNN_DSGE/benchmarks/static_hmc_sampling_speed.py",
        "--preset",
        "sw07_hlt",
        "--payload-path",
        "benchmarks/results/20260712T083357/validation_payloads.json",
        "--case",
        "medium_sw07_hlt",
        "--periods",
        "40",
        "--parameters",
        "sw07_safe_15",
        "--prior-width-scale",
        "0.0025",
        "--prior-width-floor",
        "0.0001",
        "--dtype",
        "float64",
        "--qme-algorithm",
        "schur_gpu",
        "--failure-value",
        "-1000000000000.0",
        "--chains",
        "64",
        "--warmup",
        "16",
        "--samples",
        "32",
        "--leapfrog-steps",
        "8",
        "--step-size",
        "1.0",
        "--max-step-size",
        "2.0",
        "--steady-reps",
        "0",
        "--platform",
        "gpu",
        "--force-gpu",
        "--parameters-are-resolved",
        "--skip-parameter-bounds",
        "--verbose",
        "--output",
        "benchmarks/results/gpuhub_5090_chain_ablation/gpuhub5090_sw07_safe15_static_static_hmc_sw07_hlt_medium_sw07_hlt_sw07_safe_15_40p_64chains_float64.json"
      ],
      "method": "static_hmc",
      "output_path": "benchmarks/results/gpuhub_5090_chain_ablation/gpuhub5090_sw07_safe15_static_static_hmc_sw07_hlt_medium_sw07_hlt_sw07_safe_15_40p_64chains_float64.json",
      "returncode": 0,
      "status": "ok"
    },
    {
      "chains": 100,
      "command": [
        "/root/autodl-tmp/SurrogateNN_DSGE/.venv/bin/python",
        "/root/autodl-tmp/SurrogateNN_DSGE/benchmarks/static_hmc_sampling_speed.py",
        "--preset",
        "sw07_hlt",
        "--payload-path",
        "benchmarks/results/20260712T083357/validation_payloads.json",
        "--case",
        "medium_sw07_hlt",
        "--periods",
        "40",
        "--parameters",
        "sw07_safe_15",
        "--prior-width-scale",
        "0.0025",
        "--prior-width-floor",
        "0.0001",
        "--dtype",
        "float64",
        "--qme-algorithm",
        "schur_gpu",
        "--failure-value",
        "-1000000000000.0",
        "--chains",
        "100",
        "--warmup",
        "16",
        "--samples",
        "32",
        "--leapfrog-steps",
        "8",
        "--step-size",
        "1.0",
        "--max-step-size",
        "2.0",
        "--steady-reps",
        "0",
        "--platform",
        "gpu",
        "--force-gpu",
        "--parameters-are-resolved",
        "--skip-parameter-bounds",
        "--verbose",
        "--output",
        "benchmarks/results/gpuhub_5090_chain_ablation/gpuhub5090_sw07_safe15_static_static_hmc_sw07_hlt_medium_sw07_hlt_sw07_safe_15_40p_100chains_float64.json"
      ],
      "method": "static_hmc",
      "output_path": "benchmarks/results/gpuhub_5090_chain_ablation/gpuhub5090_sw07_safe15_static_static_hmc_sw07_hlt_medium_sw07_hlt_sw07_safe_15_40p_100chains_float64.json",
      "returncode": 0,
      "status": "ok"
    }
  ]
}
